// Jest Snapshot v1, https://goo.gl/fbAQLP

exports[`DeleteRoom component renders correctly 1`] = `
<DocumentFragment>
  <div
    class="container-fluid mt-5"
  >
    <div
      class="table-responsive col-md-8 offset-md-2"
    >
      <table
        class="table table-striped"
      >
        <thead
          class="table-danger"
        >
          <tr>
            <th
              scope="col"
            >
              Room
            </th>
            <th
              scope="col"
            >
              Price
            </th>
            <th
              scope="col"
            >
              Category
            </th>
            <th
              scope="col"
            >
              Action
            </th>
          </tr>
        </thead>
        <tbody>
          <tr>
            <td>
              Room 1
            </td>
            <td>
              100
            </td>
            <td>
              Category 1
            </td>
            <td>
              <button
                class="btn btn-danger btn-sm"
                type="button"
              >
                Delete
              </button>
            </td>
          </tr>
          <tr>
            <td>
              Room 2
            </td>
            <td>
              150
            </td>
            <td>
              Category 2
            </td>
            <td>
              <button
                class="btn btn-danger btn-sm"
                type="button"
              >
                Delete
              </button>
            </td>
          </tr>
        </tbody>
      </table>
    </div>
  </div>
</DocumentFragment>
`;
